// Jest Snapshot v1, https://goo.gl/fbAQLP

exports[`Header component renders with proper styling 1`] = `
Array [
  .c0 {
  font-size: 20px;
  font-weight: 500;
  color: #06a7ed;
  padding-bottom: 45px;
  font-weight: 700;
}

<h1
    className="c0"
  >
    Who's My Representative?
  </h1>,
  .c0 {
  border: 1px solid #eee;
}

<hr
    className="c0"
  />,
]
`;
